// Jest Snapshot v1, https://goo.gl/fbAQLP

exports[`should render ExpenseListItem with provide value 1`] = `
<div>
  <Link
    replace={false}
    to="/edit/1"
  >
    <h3>
      Coffee
    </h3>
  </Link>
  <p>
    475
     - 
    0
  </p>
</div>
`;
